---
http_interactions:
- request:
    method: put
    uri: http://localhost:8500/v1/session/create
    body:
      encoding: UTF-8
      string: '{"name":"consul-do_not_my_key_session"}'
    headers:
      Content-Type:
      - application/json
      Accept-Encoding:
      - gzip;q=1.0,deflate;q=0.6,identity;q=0.3
      Accept:
      - "*/*"
      User-Agent:
      - Ruby
  response:
    status:
      code: 200
      message: OK
    headers:
      Content-Type:
      - application/json
      Date:
      - Wed, 26 Aug 2015 00:16:06 GMT
      Content-Length:
      - '45'
    body:
      encoding: UTF-8
      string: '{"ID":"5b68f7da-89a2-17f2-e880-385aff79ff93"}'
    http_version: 
  recorded_at: Wed, 26 Aug 2015 00:16:06 GMT
- request:
    method: get
    uri: http://localhost:8500/v1/session/info/5b68f7da-89a2-17f2-e880-385aff79ff93?token=anonymous
    body:
      encoding: US-ASCII
      string: ''
    headers:
      Accept-Encoding:
      - gzip;q=1.0,deflate;q=0.6,identity;q=0.3
      Accept:
      - "*/*"
      User-Agent:
      - Ruby
  response:
    status:
      code: 200
      message: OK
    headers:
      Content-Type:
      - application/json
      X-Consul-Index:
      - '242076'
      X-Consul-Knownleader:
      - 'true'
      X-Consul-Lastcontact:
      - '0'
      Date:
      - Wed, 26 Aug 2015 00:16:06 GMT
      Content-Length:
      - '215'
    body:
      encoding: UTF-8
      string: '[{"CreateIndex":242076,"ID":"5b68f7da-89a2-17f2-e880-385aff79ff93","Name":"consul-do_not_my_key_session","Node":"consul-host1","Checks":["serfHealth"],"LockDelay":15000000000,"Behavior":"release","TTL":""}]'
    http_version: 
  recorded_at: Wed, 26 Aug 2015 00:16:06 GMT
- request:
    method: put
    uri: http://localhost:8500/v1/session/destroy/5b68f7da-89a2-17f2-e880-385aff79ff93
    body:
      encoding: UTF-8
      string: 'null'
    headers:
      Content-Type:
      - application/json
      Accept-Encoding:
      - gzip;q=1.0,deflate;q=0.6,identity;q=0.3
      Accept:
      - "*/*"
      User-Agent:
      - Ruby
  response:
    status:
      code: 200
      message: OK
    headers:
      Content-Type:
      - application/json
      Date:
      - Wed, 26 Aug 2015 00:16:06 GMT
      Content-Length:
      - '4'
    body:
      encoding: UTF-8
      string: 'true'
    http_version: 
  recorded_at: Wed, 26 Aug 2015 00:16:06 GMT
recorded_with: VCR 2.9.3
